2026-10-07 16:10:52	::1	admin login ok admin
2026-10-07 16:11:19	::1	login ok qa-win
2026-10-07 16:11:19	::1	device registered qa-win computer=WIN-7ASEUIF8LN1
2026-10-07 16:11:19	::1	login ok qa-win
2026-10-07 16:11:50	::1	encryption key saved for recovery qa-win/1791389510609
2026-10-07 16:12:13	::1	backup started qa-win/1791389510609 2026-10-07-16-12-13
2026-10-07 16:12:17	::1	backup committed qa-win/1791389510609 2026-10-07-16-12-13 bad=0
2026-10-07 16:13:13	::1	restore-test download qa-win/1791389510609
2026-10-07 16:13:13	::1	restore-test download qa-win/1791389510609
2026-10-07 16:13:13	::1	restore-test download qa-win/1791389510609
2026-10-07 16:13:13	::1	restore-test download qa-win/1791389510609
2026-10-07 16:13:13	::1	restore-test download qa-win/1791389510609
2026-10-07 16:14:40	::1	admin login ok admin
2026-10-07 16:14:54	::1	backup started qa-win/1791389510609 2026-10-07-16-14-54
2026-10-07 16:14:54	::1	backup committed qa-win/1791389510609 2026-10-07-16-14-54 bad=0
2026-10-07 16:15:17	::1	login ok qa-win
2026-10-07 16:17:36	::1	admin login ok admin
2026-10-07 16:17:51	::1	backup started qa-win/1791389510609 2026-10-07-16-17-51
2026-10-07 16:17:51	::1	backup committed qa-win/1791389510609 2026-10-07-16-17-51 bad=0
2026-10-07 16:18:14	::1	login ok qa-win
