2026-10-07 12:55:35	::1	admin login ok admin
2026-10-07 12:56:13	::1	login ok qa-win
2026-10-07 12:56:13	::1	device registered qa-win computer=runnervmfi6oq
2026-10-07 12:56:13	::1	login ok qa-win
2026-10-07 12:56:49	::1	encryption key saved for recovery qa-win/1791377809213
2026-10-07 12:57:08	::1	backup started qa-win/1791377809213 2026-10-07-12-57-08
2026-10-07 12:57:13	::1	backup committed qa-win/1791377809213 2026-10-07-12-57-08 bad=0
2026-10-07 12:57:57	::1	restore-test download qa-win/1791377809213
2026-10-07 12:57:57	::1	restore-test download qa-win/1791377809213
2026-10-07 12:57:57	::1	restore-test download qa-win/1791377809213
2026-10-07 12:57:57	::1	restore-test download qa-win/1791377809213
2026-10-07 12:57:57	::1	restore-test download qa-win/1791377809213
2026-10-07 12:58:01	::1	backup started qa-win/1791377809213 2026-10-07-12-58-01
2026-10-07 12:58:02	::1	backup committed qa-win/1791377809213 2026-10-07-12-58-01 bad=0
2026-10-07 12:58:29	::1	login ok qa-win
2026-10-07 12:59:09	::1	backup started qa-win/1791377809213 2026-10-07-12-59-09
2026-10-07 13:00:27	-	backup interrupted qa-win/1791377809213 2026-10-07-12-59-09: the backup program stopped in the middle of the run
2026-10-07 13:00:31	::1	backup started qa-win/1791377809213 2026-10-07-13-00-31
2026-10-07 13:00:55	::1	backup committed qa-win/1791377809213 2026-10-07-13-00-31 bad=0
2026-10-07 13:01:10	::1	login ok qa-win
2026-10-07 13:01:57	::1	backup started qa-win/1791377809213 2026-10-07-13-01-57
2026-10-07 13:07:33	-	backup interrupted qa-win/1791377809213 2026-10-07-13-01-57: no sign of life from the computer for 5 minutes
2026-10-07 13:07:45	::1	backup started qa-win/1791377809213 2026-10-07-13-07-45
2026-10-07 13:08:09	::1	backup committed qa-win/1791377809213 2026-10-07-13-07-45 bad=0
2026-10-07 13:08:23	::1	login ok qa-win
2026-10-07 13:09:09	::1	backup started qa-win/1791377809213 2026-10-07-13-09-09
2026-10-07 13:10:30	::1	admin login ok admin
2026-10-07 13:10:34	127.0.0.1	backup started qa-win/1791377809213 2026-10-07-13-10-34
2026-10-07 13:10:58	127.0.0.1	backup committed qa-win/1791377809213 2026-10-07-13-10-34 bad=0
2026-10-07 13:11:50	127.0.0.1	backup started qa-win/1791377809213 2026-10-07-13-11-50
2026-10-07 13:11:50	127.0.0.1	backup committed qa-win/1791377809213 2026-10-07-13-11-50 bad=0
2026-10-07 13:12:49	127.0.0.1	backup started qa-win/1791377809213 2026-10-07-13-12-49
2026-10-07 13:12:49	127.0.0.1	backup committed qa-win/1791377809213 2026-10-07-13-12-49 bad=0
2026-10-07 13:14:33	127.0.0.1	backup started qa-win/1791377809213 2026-10-07-13-14-33
2026-10-07 13:14:33	127.0.0.1	backup committed qa-win/1791377809213 2026-10-07-13-14-33 bad=0
2026-10-07 13:17:06	::1	backup started qa-win/1791377809213 2026-10-07-13-17-06
2026-10-07 13:17:06	::1	backup committed qa-win/1791377809213 2026-10-07-13-17-06 bad=0
2026-10-07 13:18:00	::1	backup started qa-win/1791377809213 2026-10-07-13-18-00
2026-10-07 13:18:00	::1	backup committed qa-win/1791377809213 2026-10-07-13-18-00 bad=0
2026-10-07 13:24:11	::1	admin login ok admin
2026-10-07 13:27:32	::1	backup started qa-win/1791377809213 2026-10-07-13-27-32
2026-10-07 13:27:32	::1	backup committed qa-win/1791377809213 2026-10-07-13-27-32 bad=0
2026-10-07 13:30:03	::1	backup started qa-win/1791377809213 2026-10-07-13-30-03
2026-10-07 13:30:03	::1	backup committed qa-win/1791377809213 2026-10-07-13-30-03 bad=0
2026-10-07 13:30:29	::1	login ok qa-win
