[robot] the client-side providers could not be registered (Exception calling "RegisterClientSideProviderAssembly" with "1" argument(s): "Object reference not set to an instance of an object."); controls are found by their name and window class, and used through Windows messages
{
    "phase":  "after-reboot",
    "windows":  "Microsoft Windows 11 Pro 10.0.26200 build 26200",
    "computer":  "WIN-5NUF1VHG28U",
    "package":  "OnlineBackup-Server-0.1.30.zip",
    "commit":  null,
    "run":  null,
    "started":  "2026-10-07T06:58:28.1478715-07:00",
    "resolution":  "1280x800",
    "dpi":  150,
    "powershell":  "5.1.26100.7920",
    "interactive":  true,
    "user":  "WIN-5NUF1VHG28U\\Docker"
}

==== W19 After a real Windows restart: services back, agent connected, no ghost run, no lock, schedule kept, backup and restore
[PASS] Windows really restarted -- boot 10/07/2026 06:57:14; asked 2026-10-07T06:57:02.1739902-07:00
[PASS] Both services came back by themselves -- agent Running, server Running
[PASS] The agent is connected again (server view) -- connected=1 seen=1791381138067
[PASS] No ghost run, no locked set -- live 0; set folder C:\obqa\users\qa-win\files\1791381170615; open runs: 0 
[PASS] The schedule is kept -- <DAILY_SCHEDULE ID="1791381170620" NAME="Backup Schedule" HOUR="22" MINUTE="0" DURATION="-1" BACKUP_TYPE="FILE" BACKUP_INTERVAL="-1" ENABLED_SKIP_BACKUP="N" />
[VISUAL High] The program after the restart -- The window is larger than the screen -- 1310x830
[VISUAL High] Backup after the restart - running -- The window is larger than the screen -- 1310x830
[PASS] Backup after the restart - result -- server: BS_STOP_SUCCESS (new 0, bytes 538); window:  Automatic backup every day at 22:00  ú  last backup: 2026-10-07-13-59-08  ú  Completed successfully ; messages: ITSguard Server Online: The backup has started
[VISUAL High] Backup after the restart - result -- The window is larger than the screen -- 1310x830
[UX PASS] Backup after the restart - the window shows the result of the backup --  Automatic backup every day at 22:00  ú  last backup: 2026-10-07-13-59-08  ú  Completed successfully 
[PASS] Restore after the restart - the source folder is deleted -- C:\OnlineBackup-QA\Data (kept by the robot in C:\obqa\source-aside-3)
[INFO] Accessibility -- the field 'Password' has no name in UI Automation (a screen reader says only 'edit'); the robot found it under its label
[INFO] Restore after the restart - sign-in when the Restore page opened -- Sign in: Sign in Restoring and adding backups require your password. Password Verification code (if enabled)
[PASS] Restore after the restart - Restore page -- Restore | Backup | QA files | Restore point (date) | Latest - 2026-10-07-13-59-07 | Files (none selected = everything) | Filter by file or folder name | Restore to folder | C:\Users\Docker\Desktop\Restore | . | Replace existing files | Restore | Backup status | Restore | New backup | Security | Help | Version 0.1.30  ú  Check for updates | English | Powered by ITSguard Server Online
[VISUAL High] Restore after the restart - Restore page -- The window is larger than the screen -- 1310x830
[VISUAL Medium] Restore after the restart - Restore page -- A Pane is outside the window -- '' at 384,185 846x1031; window 0,0 1310x830
[VISUAL Medium] Restore after the restart - Restore page -- A Tree is outside the window -- '' at 384,573 846x390; window 0,0 1310x830
[VISUAL Medium] Restore after the restart - Restore page -- A Text is outside the window -- 'Restore to folder' at 384,981 846x32; window 0,0 1310x830
[VISUAL High] Restore after the restart - Restore page -- A Edit is outside the window -- 'C:\Users\Docker\Desktop\Restore' at 384,1019 768x41; window 0,0 1310x830
[VISUAL High] Restore after the restart - Restore page -- A Button is outside the window -- '.' at 1065,1019 165x45; window 0,0 1310x830
[VISUAL High] Restore after the restart - Restore page -- A Button is outside the window -- 'Replace existing files' at 384,1074 846x42; window 0,0 1310x830
[VISUAL High] Restore after the restart - Restore page -- A Button is outside the window -- 'Restore' at 384,1128 165x54; window 0,0 1310x830
[VISUAL Medium] Restore after the restart - Restore page -- Two controls on top of each other -- 'C:\Users\Docker\Desktop\Restore' (Edit) and '.' (Button) share 48%
[INFO] Accessibility -- the field 'Restore to folder' has no name in UI Automation (a screen reader says only 'edit'); the robot found it under its label
[VISUAL High] Restore after the restart - Restore selection -- The window is larger than the screen -- 1310x830
[VISUAL Medium] Restore after the restart - Restore selection -- A Pane is outside the window -- '' at 384,185 846x1031; window 0,0 1310x830
[VISUAL Medium] Restore after the restart - Restore selection -- A Tree is outside the window -- '' at 384,573 846x390; window 0,0 1310x830
[VISUAL Medium] Restore after the restart - Restore selection -- A Text is outside the window -- 'Restore to folder' at 384,981 846x32; window 0,0 1310x830
[VISUAL High] Restore after the restart - Restore selection -- A Edit is outside the window -- 'C:\obqa\restore-3' at 384,1019 768x41; window 0,0 1310x830
[VISUAL High] Restore after the restart - Restore selection -- A Button is outside the window -- '.' at 1065,1019 165x45; window 0,0 1310x830
[VISUAL High] Restore after the restart - Restore selection -- A Button is outside the window -- 'Replace existing files' at 384,1074 846x42; window 0,0 1310x830
[VISUAL High] Restore after the restart - Restore selection -- A Button is outside the window -- 'Restore' at 384,1128 165x54; window 0,0 1310x830
[VISUAL Medium] Restore after the restart - Restore selection -- Two controls on top of each other -- 'C:\obqa\restore-3' (Edit) and '.' (Button) share 48%
[INFO] Restore after the restart - messages -- ITSguard Server Online: The restore has started - follow it in the "Backup status" tab
[VISUAL High] Restore after the restart - restore result in the window -- The window is larger than the screen -- 1310x830
[VISUAL Medium] Restore after the restart - restore result in the window -- A Pane is outside the window -- '' at 384,185 846x1031; window 0,0 1310x830
[VISUAL Medium] Restore after the restart - restore result in the window -- A Tree is outside the window -- '' at 384,573 846x390; window 0,0 1310x830
[VISUAL Medium] Restore after the restart - restore result in the window -- A Text is outside the window -- 'Restore to folder' at 384,981 846x32; window 0,0 1310x830
[VISUAL High] Restore after the restart - restore result in the window -- A Edit is outside the window -- 'C:\Users\Docker\Desktop\Restore' at 384,1019 768x41; window 0,0 1310x830
[VISUAL High] Restore after the restart - restore result in the window -- A Button is outside the window -- '.' at 1065,1019 165x45; window 0,0 1310x830
[VISUAL High] Restore after the restart - restore result in the window -- A Button is outside the window -- 'Replace existing files' at 384,1074 846x42; window 0,0 1310x830
[VISUAL High] Restore after the restart - restore result in the window -- A Button is outside the window -- 'Restore' at 384,1128 165x54; window 0,0 1310x830
[VISUAL Medium] Restore after the restart - restore result in the window -- Two controls on top of each other -- 'C:\Users\Docker\Desktop\Restore' (Edit) and '.' (Button) share 48%
[PASS] Restore after the restart - ORACLE: every restored file has the SHA-256 of the original -- server: RESTORE_STOP_SUCCESS; files 112/112; differences 0: 
==== W19: PASS 

==== W20 Visual tour after the restart, at this session's scale
[INFO] Scale -- 150% (set before the restart; Windows applies it at sign-in)
[INFO] Resolution 1920x1080 -- NOT TESTED: asked 1920x1080, the screen is 1280x800
[INFO] Resolution 1366x768 -- NOT TESTED: ChangeDisplaySettings -2
[INFO] Resolution 1024x768 -- NOT TESTED: asked 1024x768, the screen is 1280x800
==== W20: NOT TESTED the screen resolution could not be changed on this machine

==== W21 End of the lifecycle: uninstall through the installer window; the backups stay on the server
[PASS] Maintenance - Setup sees the installation (remove) -- ITSguard Server Online is already installed on this computer | Installed version: 0.1.30 | What would you like to do? | Repair   -   Install it again over the present one - the backups and settings are kept | Remove   -   Remove ITSguard Server Online from this computer | English | Repair | Cancel
[VISUAL High] Maintenance - Setup sees the installation (remove) -- The window is larger than the screen -- 1179x830
[PASS] Choose remove -- Repair   -   Install it again over the present one - the backups and settings are kept / Remove   -   Remove ITSguard Server Online from this computer / Repair / Cancel
[VISUAL High] Maintenance - remove chosen -- The window is larger than the screen -- 1179x830
[PASS] Removal asks for confirmation -- Remove ITSguard Server Online from this computer?
[VISUAL High] Maintenance - remove running -- The window is larger than the screen -- 1179x830
[PASS] Maintenance - remove finished -- ITSguard Server Online was removed from this computer | Your backups stay on the server. | English | Finish
[VISUAL High] Maintenance - remove finished -- The window is larger than the screen -- 1179x830
[PASS] Removed: no service, no entry in the installed programs, no program files -- service False; entries 0; files False
[PASS] The backups are still on the server -- before: 3 finished runs, 24381042 bytes; after: 3 runs, 24381042 bytes in C:\obqa\users\qa-win\files\1791381170615
==== W21: PASS 
3 journeys: 2 PASS, 0 FAIL, 1 NOT TESTED
