2026-10-09 01:40:41	::1	admin login ok admin
2026-10-09 01:41:11	::1	login ok qa-win
2026-10-09 01:41:11	::1	device registered qa-win computer=runnervmfi6oq
2026-10-09 01:41:11	::1	login ok qa-win
2026-10-09 01:41:44	::1	encryption key saved for recovery qa-win/1791510104440
2026-10-09 01:42:03	::1	backup started qa-win/1791510104440 2026-10-09-01-42-03
2026-10-09 01:42:08	::1	backup committed qa-win/1791510104440 2026-10-09-01-42-03 bad=0
2026-10-09 01:42:45	::1	restore-test download qa-win/1791510104440
2026-10-09 01:42:45	::1	restore-test download qa-win/1791510104440
2026-10-09 01:42:45	::1	restore-test download qa-win/1791510104440
2026-10-09 01:42:45	::1	restore-test download qa-win/1791510104440
2026-10-09 01:42:45	::1	restore-test download qa-win/1791510104440
2026-10-09 01:42:49	::1	backup started qa-win/1791510104440 2026-10-09-01-42-49
2026-10-09 01:42:49	::1	backup committed qa-win/1791510104440 2026-10-09-01-42-49 bad=0
2026-10-09 01:43:16	::1	login ok qa-win
2026-10-09 02:03:42	::1	backup started qa-win/1791510104440 2026-10-09-02-03-42
2026-10-09 02:04:59	-	backup interrupted qa-win/1791510104440 2026-10-09-02-03-42: the backup program stopped in the middle of the run
2026-10-09 02:05:04	::1	backup started qa-win/1791510104440 2026-10-09-02-05-04
2026-10-09 02:05:28	::1	backup committed qa-win/1791510104440 2026-10-09-02-05-04 bad=0
2026-10-09 02:05:42	::1	login ok qa-win
2026-10-09 02:26:02	::1	backup started qa-win/1791510104440 2026-10-09-02-26-02
2026-10-09 02:26:04	::1	backup committed qa-win/1791510104440 2026-10-09-02-26-02 bad=0
2026-10-09 02:28:23	::1	backup started qa-win/1791510104440 2026-10-09-02-28-23
2026-10-09 02:28:23	::1	backup committed qa-win/1791510104440 2026-10-09-02-28-23 bad=0
2026-10-09 02:28:49	::1	login ok qa-win
2026-10-09 02:49:09	::1	backup started qa-win/1791510104440 2026-10-09-02-49-09
2026-10-09 02:49:12	::1	backup committed qa-win/1791510104440 2026-10-09-02-49-09 bad=0
2026-10-09 02:52:32	::1	admin login ok admin
2026-10-09 02:52:36	127.0.0.1	backup started qa-win/1791510104440 2026-10-09-02-52-36
2026-10-09 02:52:37	127.0.0.1	backup committed qa-win/1791510104440 2026-10-09-02-52-36 bad=0
2026-10-09 02:53:03	127.0.0.1	login ok qa-win
2026-10-09 03:13:26	::1	backup started qa-win/1791510104440 2026-10-09-03-13-26
2026-10-09 03:13:26	::1	backup committed qa-win/1791510104440 2026-10-09-03-13-26 bad=0
2026-10-09 03:13:53	::1	login ok qa-win
2026-10-09 03:34:14	::1	backup started qa-win/1791510104440 2026-10-09-03-34-14
2026-10-09 03:34:14	::1	backup committed qa-win/1791510104440 2026-10-09-03-34-14 bad=0
2026-10-09 03:34:39	::1	backup started qa-win/1791510104440 2026-10-09-03-34-39
2026-10-09 03:34:40	::1	backup committed qa-win/1791510104440 2026-10-09-03-34-39 bad=0
2026-10-09 03:35:06	::1	login ok qa-win
