2026-10-10 01:39:20	::1	admin login ok admin
2026-10-10 01:39:46	::1	login ok qa-win
2026-10-10 01:39:46	::1	device registered qa-win computer=runnervmfi6oq
2026-10-10 01:39:46	::1	login ok qa-win
2026-10-10 01:40:18	::1	encryption key saved for recovery qa-win/1791596418614
2026-10-10 01:40:38	::1	backup started qa-win/1791596418614 2026-10-10-01-40-38
2026-10-10 01:40:44	::1	backup committed qa-win/1791596418614 2026-10-10-01-40-38 bad=0
2026-10-10 01:40:49	::1	restore-test download qa-win/1791596418614
2026-10-10 01:40:49	::1	restore-test download qa-win/1791596418614
2026-10-10 01:40:49	::1	restore-test download qa-win/1791596418614
2026-10-10 01:40:49	::1	restore-test download qa-win/1791596418614
2026-10-10 01:40:49	::1	restore-test download qa-win/1791596418614
2026-10-10 01:41:25	::1	backup started qa-win/1791596418614 2026-10-10-01-41-25
2026-10-10 01:41:25	::1	backup committed qa-win/1791596418614 2026-10-10-01-41-25 bad=0
2026-10-10 01:41:51	::1	login ok qa-win
2026-10-10 02:02:21	::1	backup started qa-win/1791596418614 2026-10-10-02-02-21
2026-10-10 02:03:35	-	backup interrupted qa-win/1791596418614 2026-10-10-02-02-21: the backup program stopped in the middle of the run
2026-10-10 02:03:41	::1	backup started qa-win/1791596418614 2026-10-10-02-03-41
2026-10-10 02:04:06	::1	backup committed qa-win/1791596418614 2026-10-10-02-03-41 bad=0
2026-10-10 02:04:23	::1	login ok qa-win
2026-10-10 02:24:42	::1	backup started qa-win/1791596418614 2026-10-10-02-24-42
2026-10-10 02:24:47	::1	backup committed qa-win/1791596418614 2026-10-10-02-24-42 bad=0
2026-10-10 02:27:03	::1	backup started qa-win/1791596418614 2026-10-10-02-27-03
2026-10-10 02:27:03	::1	backup committed qa-win/1791596418614 2026-10-10-02-27-03 bad=0
2026-10-10 02:27:29	::1	login ok qa-win
