2026-10-07 05:03:23	::1	admin login ok admin
2026-10-07 05:04:01	::1	login ok qa-win
2026-10-07 05:04:01	::1	device registered qa-win computer=runnervmfi6oq
2026-10-07 05:04:01	::1	login ok qa-win
2026-10-07 05:04:36	::1	encryption key saved for recovery qa-win/1791349475674
2026-10-07 05:04:56	::1	backup started qa-win/1791349475674 2026-10-07-05-04-56
2026-10-07 05:05:04	::1	backup committed qa-win/1791349475674 2026-10-07-05-04-56 bad=0
2026-10-07 05:05:45	::1	backup started qa-win/1791349475674 2026-10-07-05-05-45
2026-10-07 05:05:46	::1	backup committed qa-win/1791349475674 2026-10-07-05-05-45 bad=0
2026-10-07 05:06:11	::1	login ok qa-win
2026-10-07 05:06:52	::1	backup started qa-win/1791349475674 2026-10-07-05-06-52
2026-10-07 05:08:07	-	backup interrupted qa-win/1791349475674 2026-10-07-05-06-52: the backup program stopped in the middle of the run
2026-10-07 05:08:13	::1	backup started qa-win/1791349475674 2026-10-07-05-08-13
2026-10-07 05:08:39	::1	backup committed qa-win/1791349475674 2026-10-07-05-08-13 bad=0
2026-10-07 05:08:54	::1	login ok qa-win
2026-10-07 05:09:33	::1	backup started qa-win/1791349475674 2026-10-07-05-09-33
2026-10-07 05:09:37	::1	backup committed qa-win/1791349475674 2026-10-07-05-09-33 bad=0
2026-10-07 05:11:50	::1	backup started qa-win/1791349475674 2026-10-07-05-11-50
2026-10-07 05:11:51	::1	backup committed qa-win/1791349475674 2026-10-07-05-11-50 bad=0
2026-10-07 05:12:17	::1	login ok qa-win
2026-10-07 05:12:54	::1	backup started qa-win/1791349475674 2026-10-07-05-12-54
2026-10-07 05:12:58	::1	backup committed qa-win/1791349475674 2026-10-07-05-12-54 bad=0
2026-10-07 05:16:16	::1	admin login ok admin
2026-10-07 05:16:21	127.0.0.1	backup started qa-win/1791349475674 2026-10-07-05-16-21
2026-10-07 05:16:22	127.0.0.1	backup committed qa-win/1791349475674 2026-10-07-05-16-21 bad=0
2026-10-07 05:17:19	::1	backup started qa-win/1791349475674 2026-10-07-05-17-19
2026-10-07 05:17:19	::1	backup committed qa-win/1791349475674 2026-10-07-05-17-19 bad=0
