2026-10-07 10:48:20	::1	admin login ok admin
2026-10-07 10:48:57	::1	login ok qa-win
2026-10-07 10:48:57	::1	device registered qa-win computer=runnervmfi6oq
2026-10-07 10:48:58	::1	login ok qa-win
2026-10-07 10:49:32	::1	encryption key saved for recovery qa-win/1791370172657
2026-10-07 10:49:56	::1	backup started qa-win/1791370172657 2026-10-07-10-49-56
2026-10-07 10:50:02	::1	backup committed qa-win/1791370172657 2026-10-07-10-49-56 bad=0
2026-10-07 10:50:43	::1	restore-test download qa-win/1791370172657
2026-10-07 10:50:43	::1	restore-test download qa-win/1791370172657
2026-10-07 10:50:43	::1	restore-test download qa-win/1791370172657
2026-10-07 10:50:43	::1	restore-test download qa-win/1791370172657
2026-10-07 10:50:43	::1	restore-test download qa-win/1791370172657
2026-10-07 10:50:49	::1	backup started qa-win/1791370172657 2026-10-07-10-50-49
2026-10-07 10:50:49	::1	backup committed qa-win/1791370172657 2026-10-07-10-50-49 bad=0
2026-10-07 10:51:14	::1	login ok qa-win
2026-10-07 10:51:54	::1	backup started qa-win/1791370172657 2026-10-07-10-51-54
2026-10-07 10:53:12	-	backup interrupted qa-win/1791370172657 2026-10-07-10-51-54: the backup program stopped in the middle of the run
2026-10-07 10:53:16	::1	backup started qa-win/1791370172657 2026-10-07-10-53-16
2026-10-07 10:53:37	::1	backup committed qa-win/1791370172657 2026-10-07-10-53-16 bad=0
2026-10-07 10:53:51	::1	login ok qa-win
2026-10-07 10:54:35	::1	backup started qa-win/1791370172657 2026-10-07-10-54-35
2026-10-07 11:00:17	-	backup interrupted qa-win/1791370172657 2026-10-07-10-54-35: no sign of life from the computer for 5 minutes
2026-10-07 11:00:24	::1	backup started qa-win/1791370172657 2026-10-07-11-00-24
2026-10-07 11:00:45	::1	backup committed qa-win/1791370172657 2026-10-07-11-00-24 bad=0
2026-10-07 11:01:01	::1	login ok qa-win
2026-10-07 11:02:26	::1	backup started qa-win/1791370172657 2026-10-07-11-02-26
2026-10-07 11:03:49	::1	admin login ok admin
2026-10-07 11:03:54	127.0.0.1	backup started qa-win/1791370172657 2026-10-07-11-03-54
2026-10-07 11:04:14	127.0.0.1	backup committed qa-win/1791370172657 2026-10-07-11-03-54 bad=0
2026-10-07 11:06:18	127.0.0.1	backup started qa-win/1791370172657 2026-10-07-11-06-17
2026-10-07 11:06:18	127.0.0.1	backup committed qa-win/1791370172657 2026-10-07-11-06-17 bad=0
