2026-10-07 01:41:23	::1	admin login ok admin
2026-10-07 01:41:54	::1	login ok qa-win
2026-10-07 01:41:54	::1	device registered qa-win computer=runnervmfi6oq
2026-10-07 01:41:54	::1	login ok qa-win
2026-10-07 01:42:27	::1	encryption key saved for recovery qa-win/1791337346913
2026-10-07 01:42:46	::1	backup started qa-win/1791337346913 2026-10-07-01-42-46
2026-10-07 01:42:50	::1	backup committed qa-win/1791337346913 2026-10-07-01-42-46 bad=0
2026-10-07 01:43:28	::1	restore-test download qa-win/1791337346913
2026-10-07 01:43:28	::1	restore-test download qa-win/1791337346913
2026-10-07 01:43:28	::1	restore-test download qa-win/1791337346913
2026-10-07 01:43:28	::1	restore-test download qa-win/1791337346913
2026-10-07 01:43:28	::1	restore-test download qa-win/1791337346913
2026-10-07 01:43:32	::1	backup started qa-win/1791337346913 2026-10-07-01-43-32
2026-10-07 01:43:32	::1	backup committed qa-win/1791337346913 2026-10-07-01-43-32 bad=0
2026-10-07 01:43:59	::1	login ok qa-win
2026-10-07 02:04:25	::1	backup started qa-win/1791337346913 2026-10-07-02-04-25
2026-10-07 02:05:42	-	backup interrupted qa-win/1791337346913 2026-10-07-02-04-25: the backup program stopped in the middle of the run
2026-10-07 02:05:47	::1	backup started qa-win/1791337346913 2026-10-07-02-05-47
2026-10-07 02:06:11	::1	backup committed qa-win/1791337346913 2026-10-07-02-05-47 bad=0
2026-10-07 02:06:26	::1	login ok qa-win
