2026-10-07 01:41:23	::1	admin login ok admin
2026-10-07 01:41:54	::1	login ok qa-win
2026-10-07 01:41:54	::1	device registered qa-win computer=runnervmfi6oq
2026-10-07 01:41:54	::1	login ok qa-win
2026-10-07 01:42:27	::1	encryption key saved for recovery qa-win/1791337346913
2026-10-07 01:42:46	::1	backup started qa-win/1791337346913 2026-10-07-01-42-46
2026-10-07 01:42:50	::1	backup committed qa-win/1791337346913 2026-10-07-01-42-46 bad=0
2026-10-07 01:43:28	::1	restore-test download qa-win/1791337346913
2026-10-07 01:43:28	::1	restore-test download qa-win/1791337346913
2026-10-07 01:43:28	::1	restore-test download qa-win/1791337346913
2026-10-07 01:43:28	::1	restore-test download qa-win/1791337346913
2026-10-07 01:43:28	::1	restore-test download qa-win/1791337346913
2026-10-07 01:43:32	::1	backup started qa-win/1791337346913 2026-10-07-01-43-32
2026-10-07 01:43:32	::1	backup committed qa-win/1791337346913 2026-10-07-01-43-32 bad=0
2026-10-07 01:43:59	::1	login ok qa-win
2026-10-07 02:04:25	::1	backup started qa-win/1791337346913 2026-10-07-02-04-25
2026-10-07 02:05:42	-	backup interrupted qa-win/1791337346913 2026-10-07-02-04-25: the backup program stopped in the middle of the run
2026-10-07 02:05:47	::1	backup started qa-win/1791337346913 2026-10-07-02-05-47
2026-10-07 02:06:11	::1	backup committed qa-win/1791337346913 2026-10-07-02-05-47 bad=0
2026-10-07 02:06:26	::1	login ok qa-win
2026-10-07 02:26:45	::1	backup started qa-win/1791337346913 2026-10-07-02-26-45
2026-10-07 02:26:48	::1	backup committed qa-win/1791337346913 2026-10-07-02-26-45 bad=0
2026-10-07 02:29:06	::1	backup started qa-win/1791337346913 2026-10-07-02-29-06
2026-10-07 02:29:06	::1	backup committed qa-win/1791337346913 2026-10-07-02-29-06 bad=0
2026-10-07 02:29:33	::1	login ok qa-win
2026-10-07 02:49:52	::1	backup started qa-win/1791337346913 2026-10-07-02-49-52
2026-10-07 02:49:55	::1	backup committed qa-win/1791337346913 2026-10-07-02-49-52 bad=0
2026-10-07 02:53:15	::1	admin login ok admin
2026-10-07 02:53:19	127.0.0.1	backup started qa-win/1791337346913 2026-10-07-02-53-19
2026-10-07 02:53:20	127.0.0.1	backup committed qa-win/1791337346913 2026-10-07-02-53-19 bad=0
2026-10-07 02:53:46	127.0.0.1	login ok qa-win
2026-10-07 03:14:09	::1	backup started qa-win/1791337346913 2026-10-07-03-14-09
2026-10-07 03:14:09	::1	backup committed qa-win/1791337346913 2026-10-07-03-14-09 bad=0
2026-10-07 03:14:36	::1	login ok qa-win
2026-10-07 03:34:57	::1	backup started qa-win/1791337346913 2026-10-07-03-34-57
2026-10-07 03:34:57	::1	backup committed qa-win/1791337346913 2026-10-07-03-34-57 bad=0
2026-10-07 03:35:22	::1	backup started qa-win/1791337346913 2026-10-07-03-35-22
2026-10-07 03:35:22	::1	backup committed qa-win/1791337346913 2026-10-07-03-35-22 bad=0
2026-10-07 03:35:49	::1	login ok qa-win
2026-10-07 03:56:08	::1	backup started qa-win/1791337346913 2026-10-07-03-56-08
2026-10-07 03:56:09	::1	backup committed qa-win/1791337346913 2026-10-07-03-56-08 bad=0
2026-10-07 03:56:35	::1	login ok qa-win
2026-10-07 04:16:53	::1	backup started qa-win/1791337346913 2026-10-07-04-16-53
2026-10-07 04:16:53	::1	backup committed qa-win/1791337346913 2026-10-07-04-16-53 bad=0
2026-10-07 04:21:14	::1	admin login ok admin
