2026-10-07 00:38:33	::1	admin login ok admin
2026-10-07 00:39:01	::1	login ok qa-win
2026-10-07 00:39:01	::1	device registered qa-win computer=runnervmfi6oq
2026-10-07 00:39:01	::1	login ok qa-win
2026-10-07 00:39:34	::1	encryption key saved for recovery qa-win/1791333574011
2026-10-07 00:39:52	::1	backup started qa-win/1791333574011 2026-10-07-00-39-52
2026-10-07 00:39:57	::1	backup committed qa-win/1791333574011 2026-10-07-00-39-52 bad=0
2026-10-07 00:40:34	::1	restore-test download qa-win/1791333574011
2026-10-07 00:40:34	::1	restore-test download qa-win/1791333574011
2026-10-07 00:40:34	::1	restore-test download qa-win/1791333574011
2026-10-07 00:40:34	::1	restore-test download qa-win/1791333574011
2026-10-07 00:40:34	::1	restore-test download qa-win/1791333574011
2026-10-07 00:40:39	::1	backup started qa-win/1791333574011 2026-10-07-00-40-39
2026-10-07 00:40:39	::1	backup committed qa-win/1791333574011 2026-10-07-00-40-39 bad=0
2026-10-07 00:41:05	::1	login failed qa-win
2026-10-07 00:41:07	::1	login failed qa-win
2026-10-07 00:41:09	::1	login failed qa-win → locked for 30 minutes
2026-10-07 00:41:11	::1	login refused (locked) qa-win
2026-10-07 00:41:13	::1	login refused (locked) qa-win
2026-10-07 00:41:15	::1	login refused (locked) qa-win
2026-10-07 00:41:17	::1	login refused (locked) qa-win
2026-10-07 00:41:19	::1	login refused (locked) qa-win
2026-10-07 00:41:21	::1	login refused (locked) qa-win
2026-10-07 00:41:23	::1	login refused (locked) qa-win
2026-10-07 00:41:25	::1	login refused (locked) qa-win
2026-10-07 00:41:27	::1	login refused (locked) qa-win
2026-10-07 00:41:29	::1	login refused (locked) qa-win
2026-10-07 00:41:31	::1	login refused (locked) qa-win
2026-10-07 00:41:33	::1	login refused (locked) qa-win
2026-10-07 00:41:35	::1	login refused (locked) qa-win
2026-10-07 00:41:37	::1	login refused (locked) qa-win
2026-10-07 00:41:38	::1	login refused (locked) qa-win
2026-10-07 00:41:40	::1	login refused (locked) qa-win
2026-10-07 00:41:42	::1	login refused (locked) qa-win
2026-10-07 00:41:44	::1	login refused (locked) qa-win
