2026-10-07 08:35:12	::1	admin login ok admin
2026-10-07 08:35:49	::1	login ok qa-win
2026-10-07 08:35:49	::1	device registered qa-win computer=runnervmfi6oq
2026-10-07 08:35:49	::1	login ok qa-win
2026-10-07 08:36:25	::1	encryption key saved for recovery qa-win/1791362184900
2026-10-07 08:36:45	::1	backup started qa-win/1791362184900 2026-10-07-08-36-45
2026-10-07 08:36:50	::1	backup committed qa-win/1791362184900 2026-10-07-08-36-45 bad=0
2026-10-07 08:36:51	::1	restore-test download qa-win/1791362184900
2026-10-07 08:36:51	::1	restore-test download qa-win/1791362184900
2026-10-07 08:36:51	::1	restore-test download qa-win/1791362184900
2026-10-07 08:36:51	::1	restore-test download qa-win/1791362184900
2026-10-07 08:36:51	::1	restore-test download qa-win/1791362184900
2026-10-07 08:37:37	::1	backup started qa-win/1791362184900 2026-10-07-08-37-37
2026-10-07 08:37:37	::1	backup committed qa-win/1791362184900 2026-10-07-08-37-37 bad=0
2026-10-07 08:38:03	::1	login ok qa-win
2026-10-07 08:38:46	::1	backup started qa-win/1791362184900 2026-10-07-08-38-46
2026-10-07 08:40:01	-	backup interrupted qa-win/1791362184900 2026-10-07-08-38-46: the backup program stopped in the middle of the run
2026-10-07 08:40:06	::1	backup started qa-win/1791362184900 2026-10-07-08-40-06
2026-10-07 08:40:30	::1	backup committed qa-win/1791362184900 2026-10-07-08-40-06 bad=0
2026-10-07 08:40:44	::1	login ok qa-win
