2026-10-07 13:37:03	-	qa-win	1791380176470	2026-10-07-13-37-03	1791380223449,end,,0,RESTORE_STOP_SUCCESS,,,0
2026-10-07 13:38:06	-	qa-win	1791380176470	2026-10-07-13-38-06	1791380286210,end,,0,RESTORE_STOP_SUCCESS,,,0
2026-10-07 13:39:53	-	qa-win	1791380176470	2026-10-07-13-38-35	1791380393032,err,,0,"The backup was interrupted and did not finish: the backup program stopped in the middle of the run (the computer was shut down or restarted, or the backup program was stopped). Nothing of this run was kept; the next backup sends everything again that is needed.",,,0
2026-10-07 13:39:53	-	qa-win	1791380176470	2026-10-07-13-38-35	1791380393032,end,,0,BS_STOP_BY_SYSTEM_ERROR,,,0
2026-10-07 13:40:52	-	qa-win	1791380176470	2026-10-07-13-40-52	1791380452938,end,,0,RESTORE_STOP_SUCCESS,,,0
2026-10-07 13:47:00	-	qa-win	1791380176470	2026-10-07-13-41-23	1791380820419,err,,0,"The backup was interrupted and did not finish: no sign of life from the computer for 5 minutes (the computer was shut down or restarted, or the backup program was stopped). Nothing of this run was kept; the next backup sends everything again that is needed.",,,0
2026-10-07 13:47:00	-	qa-win	1791380176470	2026-10-07-13-41-23	1791380820419,end,,0,BS_STOP_BY_SYSTEM_ERROR,,,0
2026-10-07 13:48:17	-	qa-win	1791380176470	2026-10-07-13-48-17	1791380897062,end,,0,RESTORE_STOP_SUCCESS,,,0
2026-10-07 13:49:55	-	qa-win	1791380176470	2026-10-07-13-48-42	1791380935220,warn,,0,The connection broke while sending C:\OnlineBackup-QA\Data\Big\video-w09.bin; sending it again (The connection to the backup server broke: Unable to write data to the transport connection: An existing connection was forcibly closed by the remote host.),,,0
2026-10-07 13:49:55	-	qa-win	1791380176470	2026-10-07-13-48-42	1791380945258,warn,,0,The connection broke while sending C:\OnlineBackup-QA\Data\Big\video-w09.bin; sending it again (The connection to the backup server broke: Unable to connect to the remote server),,,0
2026-10-07 13:49:55	-	qa-win	1791380176470	2026-10-07-13-48-42	1791380961297,err,C:\OnlineBackup-QA\Data\Big\video-w09.bin,0,The connection to the backup server broke: Unable to connect to the remote server,,,0
2026-10-07 13:51:09	-	qa-win	1791380176470	2026-10-07-13-51-09	1791381069258,end,,0,RESTORE_STOP_SUCCESS,,,0
2026-10-07 13:52:12	-	qa-win	1791380176470	2026-10-07-13-52-12	1791381132214,end,,0,RESTORE_STOP_SUCCESS,,,0
2026-10-07 13:52:28	-	qa-win	1791380176470	2026-10-07-13-52-27	1791381147951,warn,,0,"Shadow Copy of C: could not be created: ERR=  Invoke-CimMethod : Initialization failure   At line:1 char:6  + $r = Invoke-CimMethod -ClassName Win32_ShadowCopy -MethodName Create  ...  +      ~~~~~~~~~~~~~~~~~~~~~~~~~~~~~~~~~~~~~~~~~~~~~~~~~~~~~~~~~~~~~~~~      + CategoryInfo          : NotSpecified: (root\\cimv2:Win32_ShadowCopy:String) [Invoke-CimMethod], CimException      + FullyQualifiedErrorId : HRESULT 0x80041014,Microsoft.Management.Infrastructure.CimCmdlets.InvokeCimMethodCommand",,,0
2026-10-07 13:52:28	-	qa-win	1791380176470	2026-10-07-13-52-27	1791381147992,end,,0,BS_STOP_SUCCESS_WITH_WARNING,,,0
2026-10-07 13:56:57	-	qa-win	1791380176470	2026-10-07-13-56-56	1791381416971,end,,0,RESTORE_STOP_SUCCESS,,,0
2026-10-07 13:59:01	-	qa-win	1791380176470	2026-10-07-13-59-01	1791381541501,warn,,0,Cannot list C:\OnlineBackup-QA\Data\Documents (files kept): Access to the path 'C:\OnlineBackup-QA\Data\Documents' is denied.,,,0
2026-10-07 13:59:01	-	qa-win	1791380176470	2026-10-07-13-59-01	1791381541501,err,C:\OnlineBackup-QA\Data\Documents,0,Not backed up: this source could not be read now (its earlier backups are kept),,,0
2026-10-07 13:59:01	-	qa-win	1791380176470	2026-10-07-13-59-01	1791381541503,end,,0,BS_STOP_SUCCESS_WITH_ERROR,,,0
2026-10-07 13:59:54	-	qa-win	1791380176470	2026-10-07-13-59-54	1791381594341,end,,0,RESTORE_STOP_SUCCESS,,,0
2026-10-07 14:12:57	-	qa-win	1791380176470	2026-10-07-14-12-56	1791382376906,end,,0,RESTORE_STOP_SUCCESS,,,0
2026-10-07 14:16:13	-	qa-win	1791380176470	2026-10-07-14-16-13	1791382573566,end,,0,RESTORE_STOP_SUCCESS,,,0
2026-10-07 14:52:56	-	qa-win	1791382866166	2026-10-07-14-21-21	1791382881835,warn,,0,Shadow Copy is not available here: open files may be skipped,,,0
2026-10-07 14:52:56	-	qa-win	1791382866166	2026-10-07-14-21-21	1791384165565,warn,,0,The connection broke while sending System State\runnervmfi6oq\Backup 2026-10-07 142154\6f146b24-4f0e-4ba2-97d1-29ea630e5753.vhdx; sending it again (The connection to the backup server broke: The request was aborted: The request was canceled.),,,0
2026-10-07 14:52:56	-	qa-win	1791382866166	2026-10-07-14-21-21	1791384467598,warn,,0,The connection broke while sending System State\runnervmfi6oq\Backup 2026-10-07 142154\6f146b24-4f0e-4ba2-97d1-29ea630e5753.vhdx; sending it again (The connection to the backup server broke: The request was aborted: The request was canceled.),,,0
2026-10-07 14:52:56	-	qa-win	1791382866166	2026-10-07-14-21-21	1791384775848,err,System State\runnervmfi6oq\Backup 2026-10-07 142154\6f146b24-4f0e-4ba2-97d1-29ea630e5753.vhdx,0,The connection to the backup server broke: The request was aborted: The request was canceled.,,,0
