2026-10-07 12:57:37	-	qa-win	1791377809213	2026-10-07-12-57-37	1791377857260,end,,0,RESTORE_STOP_SUCCESS,,,0
2026-10-07 12:58:40	-	qa-win	1791377809213	2026-10-07-12-58-40	1791377920662,end,,0,RESTORE_STOP_SUCCESS,,,0
2026-10-07 13:00:27	-	qa-win	1791377809213	2026-10-07-12-59-09	1791378027034,err,,0,"The backup was interrupted and did not finish: the backup program stopped in the middle of the run (the computer was shut down or restarted, or the backup program was stopped). Nothing of this run was kept; the next backup sends everything again that is needed.",,,0
2026-10-07 13:00:27	-	qa-win	1791377809213	2026-10-07-12-59-09	1791378027034,end,,0,BS_STOP_BY_SYSTEM_ERROR,,,0
2026-10-07 13:01:26	-	qa-win	1791377809213	2026-10-07-13-01-26	1791378086751,end,,0,RESTORE_STOP_SUCCESS,,,0
2026-10-07 13:07:33	-	qa-win	1791377809213	2026-10-07-13-01-57	1791378453149,err,,0,"The backup was interrupted and did not finish: no sign of life from the computer for 5 minutes (the computer was shut down or restarted, or the backup program was stopped). Nothing of this run was kept; the next backup sends everything again that is needed.",,,0
2026-10-07 13:07:33	-	qa-win	1791377809213	2026-10-07-13-01-57	1791378453149,end,,0,BS_STOP_BY_SYSTEM_ERROR,,,0
2026-10-07 13:08:45	-	qa-win	1791377809213	2026-10-07-13-08-45	1791378525734,end,,0,RESTORE_STOP_SUCCESS,,,0
2026-10-07 13:10:24	-	qa-win	1791377809213	2026-10-07-13-09-09	1791378564574,warn,,0,The connection broke while sending C:\OnlineBackup-QA\Data\Big\video-w09.bin; sending it again (The connection to the backup server broke: Unable to write data to the transport connection: An existing connection was forcibly closed by the remote host.),,,0
2026-10-07 13:10:24	-	qa-win	1791377809213	2026-10-07-13-09-09	1791378574619,warn,,0,The connection broke while sending C:\OnlineBackup-QA\Data\Big\video-w09.bin; sending it again (The connection to the backup server broke: Unable to connect to the remote server),,,0
2026-10-07 13:10:24	-	qa-win	1791377809213	2026-10-07-13-09-09	1791378590666,err,C:\OnlineBackup-QA\Data\Big\video-w09.bin,0,The connection to the backup server broke: Unable to connect to the remote server,,,0
2026-10-07 13:10:24	-	qa-win	1791377809213	2026-10-07-13-09-09	1791378624797,err,,0,No connection to the backup server: Unable to connect to the remote server,,,0
2026-10-07 13:10:24	-	qa-win	1791377809213	2026-10-07-13-09-09	1791378624821,end,,0,BS_STOP_BY_SYSTEM_ERROR,,,0
2026-10-07 13:11:32	-	qa-win	1791377809213	2026-10-07-13-11-32	1791378692263,end,,0,RESTORE_STOP_SUCCESS,,,0
2026-10-07 13:12:34	-	qa-win	1791377809213	2026-10-07-13-12-34	1791378754228,end,,0,RESTORE_STOP_SUCCESS,,,0
2026-10-07 13:12:49	-	qa-win	1791377809213	2026-10-07-13-12-49	1791378769441,warn,,0,"Shadow Copy of C: could not be created: ERR=  Invoke-CimMethod : Initialization failure   At line:1 char:6  + $r = Invoke-CimMethod -ClassName Win32_ShadowCopy -MethodName Create  ...  +      ~~~~~~~~~~~~~~~~~~~~~~~~~~~~~~~~~~~~~~~~~~~~~~~~~~~~~~~~~~~~~~~~      + CategoryInfo          : NotSpecified: (root\\cimv2:Win32_ShadowCopy:String) [Invoke-CimMethod], CimException      + FullyQualifiedErrorId : HRESULT 0x80041014,Microsoft.Management.Infrastructure.CimCmdlets.InvokeCimMethodCommand",,,0
2026-10-07 13:12:49	-	qa-win	1791377809213	2026-10-07-13-12-49	1791378769486,end,,0,BS_STOP_SUCCESS_WITH_WARNING,,,0
2026-10-07 13:15:18	-	qa-win	1791377809213	2026-10-07-13-15-18	1791378918205,end,,0,RESTORE_STOP_SUCCESS,,,0
2026-10-07 13:17:06	-	qa-win	1791377809213	2026-10-07-13-17-06	1791379026317,warn,,0,Cannot list C:\OnlineBackup-QA\Data\Documents (files kept): Access to the path 'C:\OnlineBackup-QA\Data\Documents' is denied.,,,0
2026-10-07 13:17:06	-	qa-win	1791377809213	2026-10-07-13-17-06	1791379026319,err,C:\OnlineBackup-QA\Data\Documents,0,Not backed up: this source could not be read now (its earlier backups are kept),,,0
2026-10-07 13:17:06	-	qa-win	1791377809213	2026-10-07-13-17-06	1791379026320,end,,0,BS_STOP_SUCCESS_WITH_ERROR,,,0
2026-10-07 13:17:52	-	qa-win	1791377809213	2026-10-07-13-17-52	1791379072343,end,,0,RESTORE_STOP_SUCCESS,,,0
2026-10-07 13:31:00	-	qa-win	1791377809213	2026-10-07-13-31-00	1791379860309,end,,0,RESTORE_STOP_SUCCESS,,,0
2026-10-07 13:34:18	-	qa-win	1791377809213	2026-10-07-13-34-18	1791380058685,end,,0,RESTORE_STOP_SUCCESS,,,0
2026-10-07 13:51:45	-	qa-win	1791380335917	2026-10-07-13-39-11	1791380351070,warn,,0,Shadow Copy is not available here: open files may be skipped,,,0
2026-10-07 13:51:45	-	qa-win	1791380335917	2026-10-07-13-39-11	1791381105678,warn,,0,"System State backup failed: wbadmin exit code -4:  by 'System Writer'...  Overall progress: 59%.   Currently backing up files reported by 'System Writer'...  Overall progress: 62%.   Currently backing up files reported by 'System Writer'...  Overall progress: 64%.   Currently backing up files reported by 'System Writer'...  Overall progress: 65%.   Currently backing up files reported by 'System Writer'...  Overall progress: 67%.   Currently backing up files reported by 'System Writer'...  Overall progress: 69%.   Currently backing up files reported by 'System Writer'...  Overall progress: 71%.   Currently backing up files reported by 'System Writer'...  Overall progress: 73%.   Currently backing up files reported by 'System Writer'...  Overall progress: 75%.   Currently backing up files reported by 'System Writer'...  Overall progress: 76%.   Currently backing up files reported by 'System Writer'...  Overall progress: 78%.   Currently backing up files reported by 'System Writer'...  Overall progress: 80%.   Currently backing up files reported by 'System Writer'...  Overall progress: 81%.   Currently backing up files reported by 'System Writer'...  Overall progress: 83%.   Currently backing up files reported by 'System Writer'...  Overall progress: 84%.   Currently backing up files reported by 'System Writer'...  Overall progress: 85%.   Currently backing up files reported by 'System Writer'...  Overall progress: 86%.   Currently backing up files reported by 'System Writer'...  Overall progress: 88%.   Currently backing up files reported by 'System Writer'...  Overall progress: 89%.   Currently backing up files reported by 'System Writer'...  Summary of the backup operation:  ------------------    The backup operation completed with errors.  The backup of the system state failed [10/7/2026 1:51 PM].  Log of files successfully backed up:  C:\\Windows\\Logs\\WindowsServerBackup\\Backup-07-10-2026_13-39-45.log    Log of files for which backup failed:  C:\\Windows\\Logs\\WindowsServerBackup\\Backup_Error-07-10-2026_13-39-45.log",,,0
2026-10-07 13:51:45	-	qa-win	1791380335917	2026-10-07-13-39-11	1791381105680,err,System State,0,Not backed up: this source could not be read now (its earlier backups are kept),,,0
2026-10-07 13:51:45	-	qa-win	1791380335917	2026-10-07-13-39-11	1791381105680,err,,0,Nothing was backed up: none of the selected sources could be read,,,0
2026-10-07 13:51:45	-	qa-win	1791380335917	2026-10-07-13-39-11	1791381105680,end,,0,BS_STOP_BY_SYSTEM_ERROR,,,0
