2026-10-07 15:58:03	::1	admin login ok admin
2026-10-07 15:58:39	::1	login ok qa-win
2026-10-07 15:58:39	::1	device registered qa-win computer=runnervmfi6oq
2026-10-07 15:58:39	::1	login ok qa-win
2026-10-07 15:59:15	::1	encryption key saved for recovery qa-win/1791388755185
2026-10-07 15:59:36	::1	backup started qa-win/1791388755185 2026-10-07-15-59-36
2026-10-07 15:59:41	::1	backup committed qa-win/1791388755185 2026-10-07-15-59-36 bad=0
2026-10-07 15:59:43	::1	restore-test download qa-win/1791388755185
2026-10-07 15:59:43	::1	restore-test download qa-win/1791388755185
2026-10-07 15:59:43	::1	restore-test download qa-win/1791388755185
2026-10-07 15:59:43	::1	restore-test download qa-win/1791388755185
2026-10-07 15:59:43	::1	restore-test download qa-win/1791388755185
2026-10-07 16:00:27	::1	backup started qa-win/1791388755185 2026-10-07-16-00-26
2026-10-07 16:00:27	::1	backup committed qa-win/1791388755185 2026-10-07-16-00-26 bad=0
2026-10-07 16:00:53	::1	login ok qa-win
2026-10-07 16:01:33	::1	backup started qa-win/1791388755185 2026-10-07-16-01-33
2026-10-07 16:02:51	-	backup interrupted qa-win/1791388755185 2026-10-07-16-01-33: the backup program stopped in the middle of the run
2026-10-07 16:02:56	::1	backup started qa-win/1791388755185 2026-10-07-16-02-56
2026-10-07 16:03:20	::1	backup committed qa-win/1791388755185 2026-10-07-16-02-56 bad=0
2026-10-07 16:03:34	::1	login ok qa-win
2026-10-07 16:04:18	::1	backup started qa-win/1791388755185 2026-10-07-16-04-18
2026-10-07 16:10:00	-	backup interrupted qa-win/1791388755185 2026-10-07-16-04-18: no sign of life from the computer for 5 minutes
2026-10-07 16:10:08	::1	backup started qa-win/1791388755185 2026-10-07-16-10-08
2026-10-07 16:10:32	::1	backup committed qa-win/1791388755185 2026-10-07-16-10-08 bad=0
2026-10-07 16:10:46	::1	login ok qa-win
2026-10-07 16:11:34	::1	backup started qa-win/1791388755185 2026-10-07-16-11-34
2026-10-07 16:12:53	::1	admin login ok admin
2026-10-07 16:12:58	127.0.0.1	backup started qa-win/1791388755185 2026-10-07-16-12-58
2026-10-07 16:13:22	127.0.0.1	backup committed qa-win/1791388755185 2026-10-07-16-12-58 bad=0
