2026-10-07 09:48:12	::1	admin login ok admin
2026-10-07 09:48:49	::1	login ok qa-win
2026-10-07 09:48:49	::1	device registered qa-win computer=runnervmfi6oq
2026-10-07 09:48:49	::1	login ok qa-win
2026-10-07 09:49:23	::1	encryption key saved for recovery qa-win/1791366563674
2026-10-07 09:49:43	::1	backup started qa-win/1791366563674 2026-10-07-09-49-43
2026-10-07 09:49:47	::1	backup committed qa-win/1791366563674 2026-10-07-09-49-43 bad=0
2026-10-07 09:50:30	::1	restore-test download qa-win/1791366563674
2026-10-07 09:50:30	::1	restore-test download qa-win/1791366563674
2026-10-07 09:50:30	::1	restore-test download qa-win/1791366563674
2026-10-07 09:50:30	::1	restore-test download qa-win/1791366563674
2026-10-07 09:50:30	::1	restore-test download qa-win/1791366563674
2026-10-07 09:50:35	::1	backup started qa-win/1791366563674 2026-10-07-09-50-35
2026-10-07 09:50:35	::1	backup committed qa-win/1791366563674 2026-10-07-09-50-35 bad=0
2026-10-07 09:51:01	::1	login ok qa-win
2026-10-07 09:51:41	::1	backup started qa-win/1791366563674 2026-10-07-09-51-41
2026-10-07 09:52:59	-	backup interrupted qa-win/1791366563674 2026-10-07-09-51-41: the backup program stopped in the middle of the run
2026-10-07 09:53:05	::1	backup started qa-win/1791366563674 2026-10-07-09-53-05
2026-10-07 09:53:25	::1	backup committed qa-win/1791366563674 2026-10-07-09-53-05 bad=0
2026-10-07 09:53:38	::1	login ok qa-win
2026-10-07 09:54:23	::1	backup started qa-win/1791366563674 2026-10-07-09-54-23
2026-10-07 10:00:09	-	backup interrupted qa-win/1791366563674 2026-10-07-09-54-23: no sign of life from the computer for 5 minutes
2026-10-07 10:00:20	::1	backup started qa-win/1791366563674 2026-10-07-10-00-20
2026-10-07 10:00:40	::1	backup committed qa-win/1791366563674 2026-10-07-10-00-20 bad=0
2026-10-07 10:00:55	::1	login ok qa-win
2026-10-07 10:01:40	::1	backup started qa-win/1791366563674 2026-10-07-10-01-40
2026-10-07 10:02:59	::1	admin login ok admin
2026-10-07 10:03:03	127.0.0.1	backup started qa-win/1791366563674 2026-10-07-10-03-03
2026-10-07 10:03:24	127.0.0.1	backup committed qa-win/1791366563674 2026-10-07-10-03-03 bad=0
2026-10-07 10:04:12	127.0.0.1	backup started qa-win/1791366563674 2026-10-07-10-04-12
2026-10-07 10:04:13	127.0.0.1	backup committed qa-win/1791366563674 2026-10-07-10-04-12 bad=0
2026-10-07 10:05:11	127.0.0.1	backup started qa-win/1791366563674 2026-10-07-10-05-11
2026-10-07 10:05:11	127.0.0.1	backup committed qa-win/1791366563674 2026-10-07-10-05-11 bad=0
2026-10-07 10:07:43	127.0.0.1	backup started qa-win/1791366563674 2026-10-07-10-07-43
2026-10-07 10:07:43	127.0.0.1	backup committed qa-win/1791366563674 2026-10-07-10-07-43 bad=0
2026-10-07 10:10:34	::1	backup started qa-win/1791366563674 2026-10-07-10-10-34
2026-10-07 10:10:35	::1	backup committed qa-win/1791366563674 2026-10-07-10-10-34 bad=0
2026-10-07 10:11:31	::1	backup started qa-win/1791366563674 2026-10-07-10-11-31
2026-10-07 10:11:31	::1	backup committed qa-win/1791366563674 2026-10-07-10-11-31 bad=0
2026-10-07 10:17:54	::1	admin login ok admin
2026-10-07 10:21:20	::1	backup started qa-win/1791366563674 2026-10-07-10-21-20
2026-10-07 10:21:20	::1	backup committed qa-win/1791366563674 2026-10-07-10-21-20 bad=0
2026-10-07 10:24:02	::1	backup started qa-win/1791366563674 2026-10-07-10-24-02
2026-10-07 10:24:02	::1	backup committed qa-win/1791366563674 2026-10-07-10-24-02 bad=0
2026-10-07 10:24:29	::1	login ok qa-win
2026-10-07 10:27:22	::1	backup started qa-win/1791366563674 2026-10-07-10-27-22
2026-10-07 10:27:22	::1	backup committed qa-win/1791366563674 2026-10-07-10-27-22 bad=0
2026-10-07 10:27:49	::1	login ok qa-win
2026-10-07 10:32:08	::1	encryption key saved for recovery qa-win/1791369128330
2026-10-07 10:32:23	::1	backup started qa-win/1791369128330 2026-10-07-10-32-23
2026-10-07 10:41:02	::1	backup committed qa-win/1791369128330 2026-10-07-10-32-23 bad=0
