2026-10-07 13:35:03	::1	admin login ok admin
2026-10-07 13:35:40	::1	login ok qa-win
2026-10-07 13:35:40	::1	device registered qa-win computer=runnervmfi6oq
2026-10-07 13:35:41	::1	login ok qa-win
2026-10-07 13:36:16	::1	encryption key saved for recovery qa-win/1791380176470
2026-10-07 13:36:36	::1	backup started qa-win/1791380176470 2026-10-07-13-36-36
2026-10-07 13:36:41	::1	backup committed qa-win/1791380176470 2026-10-07-13-36-36 bad=0
2026-10-07 13:36:42	::1	restore-test download qa-win/1791380176470
2026-10-07 13:36:42	::1	restore-test download qa-win/1791380176470
2026-10-07 13:36:42	::1	restore-test download qa-win/1791380176470
2026-10-07 13:36:42	::1	restore-test download qa-win/1791380176470
2026-10-07 13:36:42	::1	restore-test download qa-win/1791380176470
2026-10-07 13:37:27	::1	backup started qa-win/1791380176470 2026-10-07-13-37-27
2026-10-07 13:37:27	::1	backup committed qa-win/1791380176470 2026-10-07-13-37-27 bad=0
2026-10-07 13:37:54	::1	login ok qa-win
2026-10-07 13:38:35	::1	backup started qa-win/1791380176470 2026-10-07-13-38-35
2026-10-07 13:39:53	-	backup interrupted qa-win/1791380176470 2026-10-07-13-38-35: the backup program stopped in the middle of the run
2026-10-07 13:39:57	::1	backup started qa-win/1791380176470 2026-10-07-13-39-57
2026-10-07 13:40:21	::1	backup committed qa-win/1791380176470 2026-10-07-13-39-57 bad=0
2026-10-07 13:40:36	::1	login ok qa-win
2026-10-07 13:41:23	::1	backup started qa-win/1791380176470 2026-10-07-13-41-23
2026-10-07 13:47:00	-	backup interrupted qa-win/1791380176470 2026-10-07-13-41-23: no sign of life from the computer for 5 minutes
2026-10-07 13:47:14	::1	backup started qa-win/1791380176470 2026-10-07-13-47-14
2026-10-07 13:47:38	::1	backup committed qa-win/1791380176470 2026-10-07-13-47-14 bad=0
2026-10-07 13:47:53	::1	login ok qa-win
2026-10-07 13:48:42	::1	backup started qa-win/1791380176470 2026-10-07-13-48-42
2026-10-07 13:50:01	::1	admin login ok admin
2026-10-07 13:50:07	127.0.0.1	backup started qa-win/1791380176470 2026-10-07-13-50-07
2026-10-07 13:50:31	127.0.0.1	backup committed qa-win/1791380176470 2026-10-07-13-50-07 bad=0
2026-10-07 13:51:27	127.0.0.1	backup started qa-win/1791380176470 2026-10-07-13-51-27
2026-10-07 13:51:27	127.0.0.1	backup committed qa-win/1791380176470 2026-10-07-13-51-27 bad=0
2026-10-07 13:52:27	127.0.0.1	backup started qa-win/1791380176470 2026-10-07-13-52-27
2026-10-07 13:52:28	127.0.0.1	backup committed qa-win/1791380176470 2026-10-07-13-52-27 bad=0
2026-10-07 13:56:04	::1	backup started qa-win/1791380176470 2026-10-07-13-56-04
2026-10-07 13:56:05	::1	backup committed qa-win/1791380176470 2026-10-07-13-56-04 bad=0
2026-10-07 13:59:01	::1	backup started qa-win/1791380176470 2026-10-07-13-59-01
2026-10-07 13:59:01	::1	backup committed qa-win/1791380176470 2026-10-07-13-59-01 bad=0
2026-10-07 14:00:04	::1	backup started qa-win/1791380176470 2026-10-07-14-00-04
2026-10-07 14:00:04	::1	backup committed qa-win/1791380176470 2026-10-07-14-00-04 bad=0
2026-10-07 14:06:19	::1	admin login ok admin
2026-10-07 14:09:35	::1	backup started qa-win/1791380176470 2026-10-07-14-09-35
2026-10-07 14:09:35	::1	backup committed qa-win/1791380176470 2026-10-07-14-09-35 bad=0
2026-10-07 14:11:57	::1	backup started qa-win/1791380176470 2026-10-07-14-11-57
2026-10-07 14:11:57	::1	backup committed qa-win/1791380176470 2026-10-07-14-11-57 bad=0
2026-10-07 14:12:23	::1	login ok qa-win
2026-10-07 14:15:16	::1	backup started qa-win/1791380176470 2026-10-07-14-15-16
2026-10-07 14:15:17	::1	backup committed qa-win/1791380176470 2026-10-07-14-15-16 bad=0
2026-10-07 14:15:43	::1	login ok qa-win
