2026-10-07 15:58:03	::1	admin login ok admin
2026-10-07 15:58:39	::1	login ok qa-win
2026-10-07 15:58:39	::1	device registered qa-win computer=runnervmfi6oq
2026-10-07 15:58:39	::1	login ok qa-win
2026-10-07 15:59:15	::1	encryption key saved for recovery qa-win/1791388755185
2026-10-07 15:59:36	::1	backup started qa-win/1791388755185 2026-10-07-15-59-36
2026-10-07 15:59:41	::1	backup committed qa-win/1791388755185 2026-10-07-15-59-36 bad=0
2026-10-07 15:59:43	::1	restore-test download qa-win/1791388755185
2026-10-07 15:59:43	::1	restore-test download qa-win/1791388755185
2026-10-07 15:59:43	::1	restore-test download qa-win/1791388755185
2026-10-07 15:59:43	::1	restore-test download qa-win/1791388755185
2026-10-07 15:59:43	::1	restore-test download qa-win/1791388755185
2026-10-07 16:00:27	::1	backup started qa-win/1791388755185 2026-10-07-16-00-26
2026-10-07 16:00:27	::1	backup committed qa-win/1791388755185 2026-10-07-16-00-26 bad=0
2026-10-07 16:00:53	::1	login ok qa-win
2026-10-07 16:01:33	::1	backup started qa-win/1791388755185 2026-10-07-16-01-33
2026-10-07 16:02:51	-	backup interrupted qa-win/1791388755185 2026-10-07-16-01-33: the backup program stopped in the middle of the run
2026-10-07 16:02:56	::1	backup started qa-win/1791388755185 2026-10-07-16-02-56
2026-10-07 16:03:20	::1	backup committed qa-win/1791388755185 2026-10-07-16-02-56 bad=0
2026-10-07 16:03:34	::1	login ok qa-win
2026-10-07 16:04:18	::1	backup started qa-win/1791388755185 2026-10-07-16-04-18
2026-10-07 16:10:00	-	backup interrupted qa-win/1791388755185 2026-10-07-16-04-18: no sign of life from the computer for 5 minutes
2026-10-07 16:10:08	::1	backup started qa-win/1791388755185 2026-10-07-16-10-08
2026-10-07 16:10:32	::1	backup committed qa-win/1791388755185 2026-10-07-16-10-08 bad=0
2026-10-07 16:10:46	::1	login ok qa-win
2026-10-07 16:11:34	::1	backup started qa-win/1791388755185 2026-10-07-16-11-34
2026-10-07 16:12:53	::1	admin login ok admin
2026-10-07 16:12:58	127.0.0.1	backup started qa-win/1791388755185 2026-10-07-16-12-58
2026-10-07 16:13:22	127.0.0.1	backup committed qa-win/1791388755185 2026-10-07-16-12-58 bad=0
2026-10-07 16:14:16	127.0.0.1	backup started qa-win/1791388755185 2026-10-07-16-14-16
2026-10-07 16:14:17	127.0.0.1	backup committed qa-win/1791388755185 2026-10-07-16-14-16 bad=0
2026-10-07 16:15:29	127.0.0.1	backup started qa-win/1791388755185 2026-10-07-16-15-29
2026-10-07 16:15:29	127.0.0.1	backup committed qa-win/1791388755185 2026-10-07-16-15-29 bad=0
2026-10-07 16:20:13	127.0.0.1	backup started qa-win/1791388755185 2026-10-07-16-20-13
2026-10-07 16:20:13	127.0.0.1	backup committed qa-win/1791388755185 2026-10-07-16-20-13 bad=0
2026-10-07 16:25:07	::1	backup started qa-win/1791388755185 2026-10-07-16-25-07
2026-10-07 16:25:08	::1	backup committed qa-win/1791388755185 2026-10-07-16-25-07 bad=0
2026-10-07 16:26:04	::1	backup started qa-win/1791388755185 2026-10-07-16-26-04
2026-10-07 16:26:04	::1	backup committed qa-win/1791388755185 2026-10-07-16-26-04 bad=0
2026-10-07 16:34:12	::1	admin login ok admin
2026-10-07 16:39:31	::1	backup started qa-win/1791388755185 2026-10-07-16-39-31
2026-10-07 16:39:31	::1	backup committed qa-win/1791388755185 2026-10-07-16-39-31 bad=0
2026-10-07 16:44:17	::1	backup started qa-win/1791388755185 2026-10-07-16-44-17
2026-10-07 16:44:17	::1	backup committed qa-win/1791388755185 2026-10-07-16-44-17 bad=0
2026-10-07 16:44:44	::1	login ok qa-win
2026-10-07 16:50:07	::1	backup started qa-win/1791388755185 2026-10-07-16-50-07
2026-10-07 16:50:07	::1	backup committed qa-win/1791388755185 2026-10-07-16-50-07 bad=0
2026-10-07 16:50:33	::1	login ok qa-win
2026-10-07 16:56:00	::1	encryption key saved for recovery qa-win/1791392160754
2026-10-07 16:56:16	::1	backup started qa-win/1791392160754 2026-10-07-16-56-16
2026-10-07 17:11:25	::1	backup committed qa-win/1791392160754 2026-10-07-16-56-16 bad=0
