2026-10-07 08:37:13	-	qa-win	1791362184900	2026-10-07-08-37-13	1791362233482,end,,0,RESTORE_STOP_SUCCESS,,,0
2026-10-07 08:38:15	-	qa-win	1791362184900	2026-10-07-08-38-15	1791362295597,end,,0,RESTORE_STOP_SUCCESS,,,0
2026-10-07 08:40:01	-	qa-win	1791362184900	2026-10-07-08-38-46	1791362401291,err,,0,"The backup was interrupted and did not finish: the backup program stopped in the middle of the run (the computer was shut down or restarted, or the backup program was stopped). Nothing of this run was kept; the next backup sends everything again that is needed.",,,0
2026-10-07 08:40:01	-	qa-win	1791362184900	2026-10-07-08-38-46	1791362401291,end,,0,BS_STOP_BY_SYSTEM_ERROR,,,0
2026-10-07 08:41:01	-	qa-win	1791362184900	2026-10-07-08-41-01	1791362461258,end,,0,RESTORE_STOP_SUCCESS,,,0
2026-10-07 08:47:09	-	qa-win	1791362184900	2026-10-07-08-41-30	1791362829910,err,,0,"The backup was interrupted and did not finish: no sign of life from the computer for 5 minutes (the computer was shut down or restarted, or the backup program was stopped). Nothing of this run was kept; the next backup sends everything again that is needed.",,,0
2026-10-07 08:47:09	-	qa-win	1791362184900	2026-10-07-08-41-30	1791362829910,end,,0,BS_STOP_BY_SYSTEM_ERROR,,,0
2026-10-07 08:48:19	-	qa-win	1791362184900	2026-10-07-08-48-18	1791362898751,end,,0,RESTORE_STOP_SUCCESS,,,0
2026-10-07 08:49:57	-	qa-win	1791362184900	2026-10-07-08-48-44	1791362937201,warn,,0,The connection broke while sending C:\OnlineBackup-QA\Data\Big\video-w09.bin; sending it again (The connection to the backup server broke: Unable to write data to the transport connection: An existing connection was forcibly closed by the remote host.),,,0
2026-10-07 08:49:57	-	qa-win	1791362184900	2026-10-07-08-48-44	1791362947283,warn,,0,The connection broke while sending C:\OnlineBackup-QA\Data\Big\video-w09.bin; sending it again (The connection to the backup server broke: Unable to connect to the remote server),,,0
2026-10-07 08:49:57	-	qa-win	1791362184900	2026-10-07-08-48-44	1791362963328,err,C:\OnlineBackup-QA\Data\Big\video-w09.bin,0,The connection to the backup server broke: Unable to connect to the remote server,,,0
2026-10-07 08:49:57	-	qa-win	1791362184900	2026-10-07-08-48-44	1791362997479,err,,0,No connection to the backup server: Unable to connect to the remote server,,,0
2026-10-07 08:49:57	-	qa-win	1791362184900	2026-10-07-08-48-44	1791362997491,end,,0,BS_STOP_BY_SYSTEM_ERROR,,,0
2026-10-07 08:51:04	-	qa-win	1791362184900	2026-10-07-08-51-04	1791363064728,end,,0,RESTORE_STOP_SUCCESS,,,0
2026-10-07 08:52:08	-	qa-win	1791362184900	2026-10-07-08-52-08	1791363128481,end,,0,RESTORE_STOP_SUCCESS,,,0
2026-10-07 08:52:23	-	qa-win	1791362184900	2026-10-07-08-52-23	1791363143129,warn,,0,"Shadow Copy of C: could not be created: ERR=  Invoke-CimMethod : Initialization failure   At line:1 char:6  + $r = Invoke-CimMethod -ClassName Win32_ShadowCopy -MethodName Create  ...  +      ~~~~~~~~~~~~~~~~~~~~~~~~~~~~~~~~~~~~~~~~~~~~~~~~~~~~~~~~~~~~~~~~      + CategoryInfo          : NotSpecified: (root\\cimv2:Win32_ShadowCopy:String) [Invoke-CimMethod], CimException      + FullyQualifiedErrorId : HRESULT 0x80041014,Microsoft.Management.Infrastructure.CimCmdlets.InvokeCimMethodCommand",,,0
2026-10-07 08:52:23	-	qa-win	1791362184900	2026-10-07-08-52-23	1791363143181,end,,0,BS_STOP_SUCCESS_WITH_WARNING,,,0
2026-10-07 08:56:55	-	qa-win	1791362184900	2026-10-07-08-56-55	1791363415097,end,,0,RESTORE_STOP_SUCCESS,,,0
2026-10-07 08:59:57	-	qa-win	1791362184900	2026-10-07-08-59-57	1791363597356,warn,,0,Cannot list C:\OnlineBackup-QA\Data\Documents (files kept): Access to the path 'C:\OnlineBackup-QA\Data\Documents' is denied.,,,0
2026-10-07 08:59:57	-	qa-win	1791362184900	2026-10-07-08-59-57	1791363597358,err,C:\OnlineBackup-QA\Data\Documents,0,Not backed up: this source could not be read now (its earlier backups are kept),,,0
2026-10-07 08:59:57	-	qa-win	1791362184900	2026-10-07-08-59-57	1791363597358,end,,0,BS_STOP_SUCCESS_WITH_ERROR,,,0
2026-10-07 09:00:42	-	qa-win	1791362184900	2026-10-07-09-00-42	1791363642384,end,,0,RESTORE_STOP_SUCCESS,,,0
2026-10-07 09:16:42	-	qa-win	1791362184900	2026-10-07-09-16-42	1791364602936,end,,0,RESTORE_STOP_SUCCESS,,,0
2026-10-07 09:21:03	-	qa-win	1791362184900	2026-10-07-09-21-03	1791364863293,end,,0,RESTORE_STOP_SUCCESS,,,0
2026-10-07 09:37:10	-	qa-win	1791365147820	2026-10-07-09-26-03	1791365163435,warn,,0,Shadow Copy is not available here: open files may be skipped,,,0
2026-10-07 09:37:10	-	qa-win	1791365147820	2026-10-07-09-26-03	1791365830544,warn,,0,"System State backup failed: wbadmin exit code -4:  by 'System Writer'...  Overall progress: 43%.   Currently backing up files reported by 'System Writer'...  Overall progress: 43%.   Currently backing up files reported by 'System Writer'...  Overall progress: 43%.   Currently backing up files reported by 'System Writer'...  Overall progress: 43%.   Currently backing up files reported by 'System Writer'...  Overall progress: 43%.   Currently backing up files reported by 'System Writer'...  Overall progress: 44%.   Currently backing up files reported by 'System Writer'...  Overall progress: 45%.   Currently backing up files reported by 'System Writer'...  Overall progress: 47%.   Currently backing up files reported by 'System Writer'...  Overall progress: 50%.   Currently backing up files reported by 'System Writer'...  Overall progress: 52%.   Currently backing up files reported by 'System Writer'...  Overall progress: 55%.   Currently backing up files reported by 'System Writer'...  Overall progress: 57%.   Currently backing up files reported by 'System Writer'...  Overall progress: 58%.   Currently backing up files reported by 'System Writer'...  Overall progress: 59%.   Currently backing up files reported by 'System Writer'...  Overall progress: 62%.   Currently backing up files reported by 'System Writer'...  Overall progress: 64%.   Currently backing up files reported by 'System Writer'...  Overall progress: 64%.   Currently backing up files reported by 'System Writer'...  Overall progress: 67%.   Currently backing up files reported by 'System Writer'...  Overall progress: 68%.   Currently backing up files reported by 'System Writer'...  Summary of the backup operation:  ------------------    The backup operation completed with errors.  The backup of the system state failed [10/7/2026 9:37 AM].  Log of files successfully backed up:  C:\\Windows\\Logs\\WindowsServerBackup\\Backup-07-10-2026_09-26-30.log    Log of files for which backup failed:  C:\\Windows\\Logs\\WindowsServerBackup\\Backup_Error-07-10-2026_09-26-30.log",,,0
2026-10-07 09:37:10	-	qa-win	1791365147820	2026-10-07-09-26-03	1791365830544,err,System State,0,Not backed up: this source could not be read now (its earlier backups are kept),,,0
2026-10-07 09:37:10	-	qa-win	1791365147820	2026-10-07-09-26-03	1791365830544,err,,0,Nothing was backed up: none of the selected sources could be read,,,0
2026-10-07 09:37:10	-	qa-win	1791365147820	2026-10-07-09-26-03	1791365830544,end,,0,BS_STOP_BY_SYSTEM_ERROR,,,0
