2026-10-08 01:39:01	::1	admin login ok admin
2026-10-08 01:39:30	::1	login ok qa-win
2026-10-08 01:39:30	::1	device registered qa-win computer=runnervmfi6oq
2026-10-08 01:39:30	::1	login ok qa-win
2026-10-08 01:40:02	::1	encryption key saved for recovery qa-win/1791423602477
2026-10-08 01:40:22	::1	backup started qa-win/1791423602477 2026-10-08-01-40-22
2026-10-08 01:40:29	::1	backup committed qa-win/1791423602477 2026-10-08-01-40-22 bad=0
2026-10-08 01:40:35	::1	restore-test download qa-win/1791423602477
2026-10-08 01:40:35	::1	restore-test download qa-win/1791423602477
2026-10-08 01:40:35	::1	restore-test download qa-win/1791423602477
2026-10-08 01:40:35	::1	restore-test download qa-win/1791423602477
2026-10-08 01:40:35	::1	restore-test download qa-win/1791423602477
2026-10-08 01:41:07	::1	backup started qa-win/1791423602477 2026-10-08-01-41-07
2026-10-08 01:41:08	::1	backup committed qa-win/1791423602477 2026-10-08-01-41-07 bad=0
2026-10-08 01:41:34	::1	login ok qa-win
2026-10-08 02:02:00	::1	backup started qa-win/1791423602477 2026-10-08-02-02-00
2026-10-08 02:03:16	-	backup interrupted qa-win/1791423602477 2026-10-08-02-02-00: the backup program stopped in the middle of the run
2026-10-08 02:03:22	::1	backup started qa-win/1791423602477 2026-10-08-02-03-22
2026-10-08 02:03:48	::1	backup committed qa-win/1791423602477 2026-10-08-02-03-22 bad=0
2026-10-08 02:04:07	::1	login ok qa-win
2026-10-08 02:24:27	::1	backup started qa-win/1791423602477 2026-10-08-02-24-27
2026-10-08 02:24:31	::1	backup committed qa-win/1791423602477 2026-10-08-02-24-27 bad=0
2026-10-08 02:26:48	::1	backup started qa-win/1791423602477 2026-10-08-02-26-48
2026-10-08 02:26:48	::1	backup committed qa-win/1791423602477 2026-10-08-02-26-48 bad=0
2026-10-08 02:27:14	::1	login ok qa-win
2026-10-08 02:47:34	::1	backup started qa-win/1791423602477 2026-10-08-02-47-34
2026-10-08 02:47:38	::1	backup committed qa-win/1791423602477 2026-10-08-02-47-34 bad=0
2026-10-08 02:50:56	::1	admin login ok admin
2026-10-08 02:51:01	127.0.0.1	backup started qa-win/1791423602477 2026-10-08-02-51-01
2026-10-08 02:51:01	127.0.0.1	backup committed qa-win/1791423602477 2026-10-08-02-51-01 bad=0
2026-10-08 02:51:27	127.0.0.1	login ok qa-win
