2026-10-07 07:33:08	::1	admin login ok admin
2026-10-07 07:33:44	::1	login ok qa-win
2026-10-07 07:33:44	::1	device registered qa-win computer=runnervmfi6oq
2026-10-07 07:33:44	::1	login ok qa-win
2026-10-07 07:34:19	::1	encryption key saved for recovery qa-win/1791358459806
2026-10-07 07:34:40	::1	backup started qa-win/1791358459806 2026-10-07-07-34-40
2026-10-07 07:34:45	::1	backup committed qa-win/1791358459806 2026-10-07-07-34-40 bad=0
2026-10-07 07:35:25	::1	restore-test download qa-win/1791358459806
2026-10-07 07:35:25	::1	restore-test download qa-win/1791358459806
2026-10-07 07:35:25	::1	restore-test download qa-win/1791358459806
2026-10-07 07:35:25	::1	restore-test download qa-win/1791358459806
2026-10-07 07:35:25	::1	restore-test download qa-win/1791358459806
2026-10-07 07:35:29	::1	backup started qa-win/1791358459806 2026-10-07-07-35-29
2026-10-07 07:35:30	::1	backup committed qa-win/1791358459806 2026-10-07-07-35-29 bad=0
2026-10-07 07:35:56	::1	login ok qa-win
2026-10-07 07:36:39	::1	backup started qa-win/1791358459806 2026-10-07-07-36-39
2026-10-07 07:37:53	-	backup interrupted qa-win/1791358459806 2026-10-07-07-36-39: the backup program stopped in the middle of the run
2026-10-07 07:37:58	::1	backup started qa-win/1791358459806 2026-10-07-07-37-58
2026-10-07 07:38:22	::1	backup committed qa-win/1791358459806 2026-10-07-07-37-58 bad=0
2026-10-07 07:38:36	::1	login ok qa-win
