2026-10-07 04:51:21	::1	admin login ok admin
2026-10-07 04:51:51	::1	login ok qa-win
2026-10-07 04:51:51	::1	device registered qa-win computer=runnervmfi6oq
2026-10-07 04:51:51	::1	login ok qa-win
2026-10-07 04:52:24	::1	encryption key saved for recovery qa-win/1791348744429
2026-10-07 04:52:43	::1	backup started qa-win/1791348744429 2026-10-07-04-52-43
2026-10-07 04:52:48	::1	backup committed qa-win/1791348744429 2026-10-07-04-52-43 bad=0
2026-10-07 04:52:53	::1	restore-test download qa-win/1791348744429
2026-10-07 04:52:53	::1	restore-test download qa-win/1791348744429
2026-10-07 04:52:53	::1	restore-test download qa-win/1791348744429
2026-10-07 04:52:53	::1	restore-test download qa-win/1791348744429
2026-10-07 04:52:53	::1	restore-test download qa-win/1791348744429
2026-10-07 04:53:33	::1	backup started qa-win/1791348744429 2026-10-07-04-53-33
2026-10-07 04:53:33	::1	backup committed qa-win/1791348744429 2026-10-07-04-53-33 bad=0
2026-10-07 04:53:59	::1	login ok qa-win
2026-10-07 04:54:37	::1	backup started qa-win/1791348744429 2026-10-07-04-54-37
2026-10-07 04:54:55	::1	backup committed qa-win/1791348744429 2026-10-07-04-54-37 bad=0
2026-10-07 04:56:00	::1	backup started qa-win/1791348744429 2026-10-07-04-56-00
2026-10-07 04:56:00	::1	backup committed qa-win/1791348744429 2026-10-07-04-56-00 bad=0
2026-10-07 04:56:26	::1	login ok qa-win
