2026-10-07 12:12:08	-	qa-win	1791375082275	2026-10-07-12-12-08	1791375128305,end,,0,RESTORE_STOP_SUCCESS,,,0
2026-10-07 12:13:09	-	qa-win	1791375082275	2026-10-07-12-13-09	1791375189817,end,,0,RESTORE_STOP_SUCCESS,,,0
2026-10-07 12:14:54	-	qa-win	1791375082275	2026-10-07-12-13-38	1791375294457,err,,0,"The backup was interrupted and did not finish: the backup program stopped in the middle of the run (the computer was shut down or restarted, or the backup program was stopped). Nothing of this run was kept; the next backup sends everything again that is needed.",,,0
2026-10-07 12:14:54	-	qa-win	1791375082275	2026-10-07-12-13-38	1791375294457,end,,0,BS_STOP_BY_SYSTEM_ERROR,,,0
2026-10-07 12:15:50	-	qa-win	1791375082275	2026-10-07-12-15-49	1791375349988,end,,0,RESTORE_STOP_SUCCESS,,,0
2026-10-07 12:21:11	-	qa-win	1791375082275	2026-10-07-12-16-10	1791375671949,err,,0,"The backup was interrupted and did not finish: no sign of life from the computer for 5 minutes (the computer was shut down or restarted, or the backup program was stopped). Nothing of this run was kept; the next backup sends everything again that is needed.",,,0
2026-10-07 12:21:11	-	qa-win	1791375082275	2026-10-07-12-16-10	1791375671949,end,,0,BS_STOP_BY_SYSTEM_ERROR,,,0
2026-10-07 12:22:22	-	qa-win	1791375082275	2026-10-07-12-22-22	1791375742121,end,,0,RESTORE_STOP_SUCCESS,,,0
2026-10-07 12:23:56	-	qa-win	1791375082275	2026-10-07-12-22-40	1791375775977,warn,,0,The connection broke while sending C:\OnlineBackup-QA\Data\Big\video-w09.bin; sending it again (The connection to the backup server broke: Unable to write data to the transport connection: An existing connection was forcibly closed by the remote host.),,,0
2026-10-07 12:23:56	-	qa-win	1791375082275	2026-10-07-12-22-40	1791375786048,warn,,0,The connection broke while sending C:\OnlineBackup-QA\Data\Big\video-w09.bin; sending it again (The connection to the backup server broke: Unable to connect to the remote server),,,0
2026-10-07 12:23:56	-	qa-win	1791375082275	2026-10-07-12-22-40	1791375802100,err,C:\OnlineBackup-QA\Data\Big\video-w09.bin,0,The connection to the backup server broke: Unable to connect to the remote server,,,0
2026-10-07 12:23:56	-	qa-win	1791375082275	2026-10-07-12-22-40	1791375836278,err,,0,No connection to the backup server: Unable to connect to the remote server,,,0
2026-10-07 12:23:56	-	qa-win	1791375082275	2026-10-07-12-22-40	1791375836296,end,,0,BS_STOP_BY_SYSTEM_ERROR,,,0
2026-10-07 12:25:22	-	qa-win	1791375082275	2026-10-07-12-25-22	1791375922050,end,,0,RESTORE_STOP_SUCCESS,,,0
2026-10-07 12:26:43	-	qa-win	1791375082275	2026-10-07-12-26-41	1791376001089,end,,0,RESTORE_STOP_SUCCESS,,,0
2026-10-07 12:27:01	-	qa-win	1791375082275	2026-10-07-12-27-01	1791376021365,warn,,0,"Shadow Copy of C: could not be created: ERR=  Invoke-CimMethod : Initialization failure   At line:1 char:6  + $r = Invoke-CimMethod -ClassName Win32_ShadowCopy -MethodName Create  ...  +      ~~~~~~~~~~~~~~~~~~~~~~~~~~~~~~~~~~~~~~~~~~~~~~~~~~~~~~~~~~~~~~~~      + CategoryInfo          : NotSpecified: (root\\cimv2:Win32_ShadowCopy:String) [Invoke-CimMethod], CimException      + FullyQualifiedErrorId : HRESULT 0x80041014,Microsoft.Management.Infrastructure.CimCmdlets.InvokeCimMethodCommand",,,0
2026-10-07 12:27:01	-	qa-win	1791375082275	2026-10-07-12-27-01	1791376021399,end,,0,BS_STOP_SUCCESS_WITH_WARNING,,,0
2026-10-07 12:33:21	-	qa-win	1791375082275	2026-10-07-12-33-21	1791376401338,end,,0,RESTORE_STOP_SUCCESS,,,0
2026-10-07 12:35:31	-	qa-win	1791375082275	2026-10-07-12-35-31	1791376531786,warn,,0,Cannot list C:\OnlineBackup-QA\Data\Documents (files kept): Access to the path 'C:\OnlineBackup-QA\Data\Documents' is denied.,,,0
2026-10-07 12:35:31	-	qa-win	1791375082275	2026-10-07-12-35-31	1791376531786,err,C:\OnlineBackup-QA\Data\Documents,0,Not backed up: this source could not be read now (its earlier backups are kept),,,0
2026-10-07 12:35:31	-	qa-win	1791375082275	2026-10-07-12-35-31	1791376531786,end,,0,BS_STOP_SUCCESS_WITH_ERROR,,,0
2026-10-07 12:36:31	-	qa-win	1791375082275	2026-10-07-12-36-31	1791376591369,end,,0,RESTORE_STOP_SUCCESS,,,0
